Archive member included to satisfy reference by file (symbol)

../libopencm3/lib\libopencm3_stm32f4.a(rcc_common_all.o)
                              ../shared/src/core/uart.o (rcc_periph_clock_enable)
../libopencm3/lib\libopencm3_stm32f4.a(usart_common_all.o)
                              ../shared/src/core/uart.o (usart_set_baudrate)
../libopencm3/lib\libopencm3_stm32f4.a(usart_common_f124.o)
                              ../libopencm3/lib\libopencm3_stm32f4.a(usart_common_all.o) (usart_send)
../libopencm3/lib\libopencm3_stm32f4.a(vector.o)
                              (reset_handler)
../libopencm3/lib\libopencm3_stm32f4.a(nvic.o)
                              ../shared/src/core/uart.o (nvic_enable_irq)
../libopencm3/lib\libopencm3_stm32f4.a(rcc.o)
                              ../libopencm3/lib\libopencm3_stm32f4.a(usart_common_all.o) (rcc_get_usart_clk_freq)
../libopencm3/lib\libopencm3_stm32f4.a(flash_common_all.o)
                              ../libopencm3/lib\libopencm3_stm32f4.a(rcc.o) (flash_set_ws)
../libopencm3/lib\libopencm3_stm32f4.a(flash_common_idcache.o)
                              ../libopencm3/lib\libopencm3_stm32f4.a(rcc.o) (flash_dcache_enable)
../libopencm3/lib\libopencm3_stm32f4.a(pwr.o)
                              ../libopencm3/lib\libopencm3_stm32f4.a(rcc.o) (pwr_set_vos_scale)
C:/Program Files (x86)/Arm GNU Toolchain arm-none-eabi/13.2 Rel1/bin/../lib/gcc/arm-none-eabi/13.2.1/thumb/v7e-m+fp/hard\libc.a(libc_a-memmove.o)
                              src/comms.o (memmove)
C:/Program Files (x86)/Arm GNU Toolchain arm-none-eabi/13.2 Rel1/bin/../lib/gcc/arm-none-eabi/13.2.1/thumb/v7e-m+fp/hard\libc.a(libc_a-memset.o)
                              src/comms.o (memset)

Discarded input sections

 .group         0x00000000        0xc src/bootloader.o
 .group         0x00000000        0xc src/bootloader.o
 .group         0x00000000        0xc src/bootloader.o
 .group         0x00000000        0xc src/bootloader.o
 .group         0x00000000        0xc src/bootloader.o
 .group         0x00000000        0xc src/bootloader.o
 .group         0x00000000        0xc src/bootloader.o
 .group         0x00000000        0xc src/bootloader.o
 .group         0x00000000        0xc src/bootloader.o
 .group         0x00000000        0xc src/bootloader.o
 .group         0x00000000        0xc src/bootloader.o
 .group         0x00000000        0xc src/bootloader.o
 .group         0x00000000        0xc src/bootloader.o
 .text          0x00000000        0x0 src/bootloader.o
 .data          0x00000000        0x0 src/bootloader.o
 .bss           0x00000000        0x0 src/bootloader.o
 .group         0x00000000        0xc src/comms.o
 .group         0x00000000        0xc src/comms.o
 .group         0x00000000        0xc src/comms.o
 .group         0x00000000        0xc src/comms.o
 .group         0x00000000        0xc src/comms.o
 .group         0x00000000        0xc src/comms.o
 .group         0x00000000        0xc src/comms.o
 .group         0x00000000        0xc src/comms.o
 .group         0x00000000        0xc src/comms.o
 .text          0x00000000        0x0 src/comms.o
 .data          0x00000000        0x0 src/comms.o
 .bss           0x00000000        0x0 src/comms.o
 .text.comms_packets_available
                0x00000000       0x18 src/comms.o
 .text.comms_write
                0x00000000        0x6 src/comms.o
 .text.comms_read
                0x00000000       0x38 src/comms.o
 .text.comms_compute_crc
                0x00000000        0x6 src/comms.o
 .text.comms_setup
                0x00000000       0x44 src/comms.o
 .text.comms_update
                0x00000000      0x10c src/comms.o
 .bss.packet_write_index
                0x00000000        0x4 src/comms.o
 .bss.packet_read_index
                0x00000000        0x4 src/comms.o
 .bss.packet_buffer
                0x00000000       0x90 src/comms.o
 .bss.last_transmitted_packet
                0x00000000       0x12 src/comms.o
 .bss.ack_packet
                0x00000000       0x12 src/comms.o
 .bss.retx_packet
                0x00000000       0x12 src/comms.o
 .bss.temporary_packet
                0x00000000       0x12 src/comms.o
 .bss.data_byte_count
                0x00000000        0x1 src/comms.o
 .bss.state     0x00000000        0x1 src/comms.o
 .debug_info    0x00000000      0x60c src/comms.o
 .debug_abbrev  0x00000000      0x2d6 src/comms.o
 .debug_loclists
                0x00000000      0x173 src/comms.o
 .debug_aranges
                0x00000000       0x48 src/comms.o
 .debug_rnglists
                0x00000000       0x87 src/comms.o
 .debug_macro   0x00000000       0xa3 src/comms.o
 .debug_macro   0x00000000      0xacc src/comms.o
 .debug_macro   0x00000000       0x22 src/comms.o
 .debug_macro   0x00000000       0x56 src/comms.o
 .debug_macro   0x00000000       0x51 src/comms.o
 .debug_macro   0x00000000      0x103 src/comms.o
 .debug_macro   0x00000000       0x6a src/comms.o
 .debug_macro   0x00000000      0x1df src/comms.o
[...]
Memory Configuration

Name             Origin             Length             Attributes
rom              0x08000000         0x00008000         xr
ram              0x20000000         0x00018000         xrw
*default*        0x00000000         0xffffffff

Linker script and memory map

LOAD src/bootloader.o
LOAD src/comms.o
LOAD ../shared/src/core/crc8.o
LOAD ../shared/src/core/uart.o
LOAD ../shared/src/core/ring-buffer.o
LOAD ../libopencm3/lib\libopencm3_stm32f4.a
START GROUP
LOAD C:/Program Files (x86)/Arm GNU Toolchain arm-none-eabi/13.2 Rel1/bin/../lib/gcc/arm-none-eabi/13.2.1/thumb/v7e-m+fp/hard\libc.a
LOAD C:/Program Files (x86)/Arm GNU Toolchain arm-none-eabi/13.2 Rel1/bin/../lib/gcc/arm-none-eabi/13.2.1/thumb/v7e-m+fp/hard\libgcc.a
LOAD C:/Program Files (x86)/Arm GNU Toolchain arm-none-eabi/13.2 Rel1/bin/../lib/gcc/arm-none-eabi/13.2.1/thumb/v7e-m+fp/hard\libnosys.a
END GROUP
START GROUP
LOAD C:/Program Files (x86)/Arm GNU Toolchain arm-none-eabi/13.2 Rel1/bin/../lib/gcc/arm-none-eabi/13.2.1/thumb/v7e-m+fp/hard\libgcc.a
LOAD C:/Program Files (x86)/Arm GNU Toolchain arm-none-eabi/13.2 Rel1/bin/../lib/gcc/arm-none-eabi/13.2.1/thumb/v7e-m+fp/hard\libg.a
LOAD C:/Program Files (x86)/Arm GNU Toolchain arm-none-eabi/13.2 Rel1/bin/../lib/gcc/arm-none-eabi/13.2.1/thumb/v7e-m+fp/hard\libc.a
END GROUP

.text           0x08000000      0x2c8
 *(.vectors)
 .vectors       0x08000000      0x1ac ../libopencm3/lib\libopencm3_stm32f4.a(vector.o)
                0x08000000                vector_table
 *(.text*)
 .text.startup.main
                0x080001ac       0x10 src/bootloader.o
                0x080001ac                main
 .text.usart2_isr
                0x080001bc       0x34 ../shared/src/core/uart.o
                0x080001bc                usart2_isr
 .text.ring_buffer_write
                0x080001f0       0x1e ../shared/src/core/ring-buffer.o
                0x080001f0                ring_buffer_write
 .text.usart_recv
                0x0800020e        0x8 ../libopencm3/lib\libopencm3_stm32f4.a(usart_common_f124.o)
                0x0800020e                usart_recv
 .text.usart_get_flag
                0x08000216        0xc ../libopencm3/lib\libopencm3_stm32f4.a(usart_common_f124.o)
                0x08000216                usart_get_flag
 .text.blocking_handler
                0x08000222        0x2 ../libopencm3/lib\libopencm3_stm32f4.a(vector.o)
                0x08000222                dma2_stream1_isr
                0x08000222                tim8_brk_tim12_isr
                0x08000222                dma1_stream7_isr
                0x08000222                usart3_isr
                0x08000222                tim7_isr
                0x08000222                dma2d_isr
                0x08000222                uart8_isr
                0x08000222                dma1_stream2_isr
                0x08000222                otg_hs_isr
                0x08000222                blocking_handler
                0x08000222                tim5_isr
                0x08000222                rtc_wkup_isr
                0x08000222                otg_fs_isr
                0x08000222                spi1_isr
                0x08000222                i2c3_er_isr
                0x08000222                exti2_isr
                0x08000222                spi5_isr
                0x08000222                usb_fs_wkup_isr
                0x08000222                tamp_stamp_isr
                0x08000222                can1_rx1_isr
                0x08000222                dma2_stream0_isr
                0x08000222                usart1_isr
                0x08000222                i2c3_ev_isr
                0x08000222                usage_fault_handler
                0x08000222                can2_rx0_isr
                0x08000222                dma1_stream6_isr
                0x08000222                can2_rx1_isr
                0x08000222                can1_sce_isr
                0x08000222                tim1_cc_isr
                0x08000222                can1_tx_isr
                0x08000222                tim1_up_tim10_isr
                0x08000222                sdio_isr
                0x08000222                eth_isr
                0x08000222                spi6_isr
                0x08000222                dma2_stream5_isr
                0x08000222                pvd_isr
                0x08000222                can1_rx0_isr
                0x08000222                rcc_isr
                0x08000222                dma2_stream3_isr
                0x08000222                flash_isr
                0x08000222                uart4_isr
                0x08000222                lcd_tft_isr
                0x08000222                rtc_alarm_isr
                0x08000222                exti15_10_isr
                0x08000222                hash_rng_isr
                0x08000222                tim1_trg_com_tim11_isr
                0x08000222                hard_fault_handler
                0x08000222                exti1_isr
                0x08000222                i2c1_ev_isr
                0x08000222                usart6_isr
                0x08000222                spi2_isr
                0x08000222                cryp_isr
                0x08000222                nvic_wwdg_isr
                0x08000222                dma1_stream1_isr
                0x08000222                dma2_stream4_isr
                0x08000222                exti3_isr
                0x08000222                tim3_isr
                0x08000222                sai1_isr
                0x08000222                fpu_isr
                0x08000222                dma1_stream4_isr
                0x08000222                i2c2_er_isr
                0x08000222                i2c2_ev_isr
                0x08000222                uart5_isr
                0x08000222                dma2_stream6_isr
                0x08000222                spi4_isr
                0x08000222                adc_isr
                0x08000222                dma2_stream7_isr
                0x08000222                tim8_up_tim13_isr
                0x08000222                fsmc_isr
                0x08000222                exti4_isr
                0x08000222                tim6_dac_isr
                0x08000222                dma1_stream3_isr
                0x08000222                tim8_trg_com_tim14_isr
                0x08000222                mem_manage_handler
                0x08000222                lcd_tft_err_isr
                0x08000222                can2_tx_isr
                0x08000222                exti9_5_isr
                0x08000222                tim1_brk_tim9_isr
                0x08000222                uart7_isr
                0x08000222                can2_sce_isr
                0x08000222                tim4_isr
                0x08000222                otg_hs_wkup_isr
                0x08000222                i2c1_er_isr
                0x08000222                dma1_stream0_isr
                0x08000222                tim8_cc_isr
                0x08000222                dcmi_isr
                0x08000222                dma2_stream2_isr
                0x08000222                eth_wkup_isr
                0x08000222                bus_fault_handler
                0x08000222                otg_hs_ep1_out_isr
                0x08000222                spi3_isr
                0x08000222                dma1_stream5_isr
                0x08000222                otg_hs_ep1_in_isr
                0x08000222                tim2_isr
                0x08000222                exti0_isr
 .text.null_handler
                0x08000224        0x2 ../libopencm3/lib\libopencm3_stm32f4.a(vector.o)
                0x08000224                sv_call_handler
                0x08000224                pend_sv_handler
                0x08000224                debug_monitor_handler
                0x08000224                sys_tick_handler
                0x08000224                nmi_handler
                0x08000224                null_handler
 *fill*         0x08000226        0x2 
 .text.reset_handler
                0x08000228       0xa0 ../libopencm3/lib\libopencm3_stm32f4.a(vector.o)
                0x08000228                reset_handler
                0x080002c8                        . = ALIGN (0x4)
 *(.rodata*)
                0x080002c8                        . = ALIGN (0x4)

.glue_7         0x080002c8        0x0
 .glue_7        0x080002c8        0x0 linker stubs

.glue_7t        0x080002c8        0x0
 .glue_7t       0x080002c8        0x0 linker stubs

.vfp11_veneer   0x080002c8        0x0
 .vfp11_veneer  0x080002c8        0x0 linker stubs

.v4_bx          0x080002c8        0x0
 .v4_bx         0x080002c8        0x0 linker stubs

.iplt           0x080002c8        0x0
 .iplt          0x080002c8        0x0 ../shared/src/core/uart.o

.rel.dyn        0x080002c8        0x0
 .rel.iplt      0x080002c8        0x0 ../shared/src/core/uart.o

.preinit_array  0x080002c8        0x0
                0x080002c8                        . = ALIGN (0x4)
                0x080002c8                        __preinit_array_start = .
 *(.preinit_array)
                0x080002c8                        __preinit_array_end = .

.init_array     0x080002c8        0x0
                0x080002c8                        . = ALIGN (0x4)
                0x080002c8                        __init_array_start = .
 *(SORT_BY_NAME(.init_array.*))
 *(.init_array)
                0x080002c8                        __init_array_end = .

.fini_array     0x080002c8        0x0
                0x080002c8                        . = ALIGN (0x4)
                0x080002c8                        __fini_array_start = .
 *(.fini_array)
 *(SORT_BY_NAME(.fini_array.*))
                0x080002c8                        __fini_array_end = .

.ARM.extab
 *(.ARM.extab*)

.ARM.exidx      0x080002c8        0x0
                0x080002c8                        __exidx_start = .
 *(.ARM.exidx*)
                0x080002c8                        __exidx_end = .
                0x080002c8                        . = ALIGN (0x4)
                0x080002c8                        _etext = .

.noinit
 *(.noinit*)
                0x080002c8                        . = ALIGN (0x4)

.data           0x20000000        0x0 load address 0x080002c8
                0x20000000                        _data = .
 *(.data*)
 *(.ramtext*)
                0x20000000                        . = ALIGN (0x4)
                0x20000000                        _edata = .
                0x080002c8                        _data_loadaddr = LOADADDR (.data)

.igot.plt       0x20000000        0x0 load address 0x080002c8
 .igot.plt      0x20000000        0x0 ../shared/src/core/uart.o

.bss            0x20000000       0x10 load address 0x080002c8
 *(.bss*)
 .bss.rb        0x20000000       0x10 ../shared/src/core/uart.o
 *(COMMON)
                0x20000010                        . = ALIGN (0x4)
                0x20000010                        _ebss = .

/DISCARD/
 *(.eh_frame)
                0x20000010                        . = ALIGN (0x4)
                0x20000010                        end = .
                0x20018000                        PROVIDE (_stack = (ORIGIN (ram) + LENGTH (ram)))
OUTPUT(bootloader.elf elf32-littlearm)
LOAD linker stubs

.debug_info     0x00000000     0x12fc
 .debug_info    0x00000000      0x1be src/bootloader.o
 .debug_info    0x000001be      0xaab ../shared/src/core/uart.o
 .debug_info    0x00000c69      0x228 ../shared/src/core/ring-buffer.o
 .debug_info    0x00000e91      0x192 ../libopencm3/lib\libopencm3_stm32f4.a(usart_common_f124.o)
 .debug_info    0x00001023      0x2d9 ../libopencm3/lib\libopencm3_stm32f4.a(vector.o)

.debug_abbrev   0x00000000      0x655
 .debug_abbrev  0x00000000       0xf6 src/bootloader.o
 .debug_abbrev  0x000000f6      0x238 ../shared/src/core/uart.o
 .debug_abbrev  0x0000032e      0x112 ../shared/src/core/ring-buffer.o
 .debug_abbrev  0x00000440       0xb6 ../libopencm3/lib\libopencm3_stm32f4.a(usart_common_f124.o)
 .debug_abbrev  0x000004f6      0x15f ../libopencm3/lib\libopencm3_stm32f4.a(vector.o)

.debug_aranges  0x00000000      0x118
 .debug_aranges
                0x00000000       0x20 src/bootloader.o
 .debug_aranges
                0x00000020       0x50 ../shared/src/core/uart.o
 .debug_aranges
                0x00000070       0x38 ../shared/src/core/ring-buffer.o
 .debug_aranges
                0x000000a8       0x40 ../libopencm3/lib\libopencm3_stm32f4.a(usart_common_f124.o)
 .debug_aranges
                0x000000e8       0x30 ../libopencm3/lib\libopencm3_stm32f4.a(vector.o)

.debug_rnglists
                0x00000000       0xed
 .debug_rnglists
                0x00000000       0x1f src/bootloader.o
 .debug_rnglists
                0x0000001f       0x5e ../shared/src/core/uart.o
 .debug_rnglists
                0x0000007d       0x25 ../shared/src/core/ring-buffer.o
 .debug_rnglists
                0x000000a2       0x2b ../libopencm3/lib\libopencm3_stm32f4.a(usart_common_f124.o)
 .debug_rnglists
                0x000000cd       0x20 ../libopencm3/lib\libopencm3_stm32f4.a(vector.o)

.debug_macro    0x00000000     0x33f3
 .debug_macro   0x00000000       0xd8 src/bootloader.o
 .debug_macro   0x000000d8      0xacc src/bootloader.o
 .debug_macro   0x00000ba4       0x22 src/bootloader.o
 .debug_macro   0x00000bc6       0x56 src/bootloader.o
 .debug_macro   0x00000c1c       0x51 src/bootloader.o
 .debug_macro   0x00000c6d      0x103 src/bootloader.o
 .debug_macro   0x00000d70       0x6a src/bootloader.o
 .debug_macro   0x00000dda      0x1df src/bootloader.o
 .debug_macro   0x00000fb9       0x22 src/bootloader.o
 .debug_macro   0x00000fdb       0x76 src/bootloader.o
 .debug_macro   0x00001051      0x280 src/bootloader.o
 .debug_macro   0x000012d1      0x100 src/bootloader.o
 .debug_macro   0x000013d1       0x6e src/bootloader.o
 .debug_macro   0x0000143f      0x22c src/bootloader.o
 .debug_macro   0x0000166b      0x156 ../shared/src/core/uart.o
 .debug_macro   0x000017c1       0x1c ../shared/src/core/uart.o
 .debug_macro   0x000017dd       0xe8 ../shared/src/core/uart.o
 .debug_macro   0x000018c5       0x68 ../shared/src/core/uart.o
 .debug_macro   0x0000192d      0x286 ../shared/src/core/uart.o
 .debug_macro   0x00001bb3       0x8e ../shared/src/core/uart.o
 .debug_macro   0x00001c41       0x46 ../shared/src/core/uart.o
 .debug_macro   0x00001c87      0xcea ../shared/src/core/uart.o
 .debug_macro   0x00002971       0x94 ../shared/src/core/uart.o
 .debug_macro   0x00002a05      0x29e ../shared/src/core/uart.o
 .debug_macro   0x00002ca3       0xa0 ../shared/src/core/uart.o
 .debug_macro   0x00002d43       0x80 ../shared/src/core/ring-buffer.o
 .debug_macro   0x00002dc3      0x10b ../libopencm3/lib\libopencm3_stm32f4.a(usart_common_f124.o)
 .debug_macro   0x00002ece       0xd3 ../libopencm3/lib\libopencm3_stm32f4.a(vector.o)
 .debug_macro   0x00002fa1      0x452 ../libopencm3/lib\libopencm3_stm32f4.a(vector.o)

.debug_line     0x00000000     0x152b
 .debug_line    0x00000000      0x366 src/bootloader.o
 .debug_line    0x00000366      0x5b2 ../shared/src/core/uart.o
 .debug_line    0x00000918      0x348 ../shared/src/core/ring-buffer.o
 .debug_line    0x00000c60      0x447 ../libopencm3/lib\libopencm3_stm32f4.a(usart_common_f124.o)
 .debug_line    0x000010a7      0x484 ../libopencm3/lib\libopencm3_stm32f4.a(vector.o)

.debug_str      0x00000000     0xd8e8
 .debug_str     0x00000000     0xd8e8 src/bootloader.o
                               0x5dfc (size before relaxing)
 .debug_str     0x0000d8e8     0xb552 ../shared/src/core/uart.o
 .debug_str     0x0000d8e8     0x3e2a ../shared/src/core/ring-buffer.o
 .debug_str     0x0000d8e8     0xa300 ../libopencm3/lib\libopencm3_stm32f4.a(usart_common_f124.o)
 .debug_str     0x0000d8e8     0x6fc8 ../libopencm3/lib\libopencm3_stm32f4.a(vector.o)

.comment        0x00000000       0x44
 .comment       0x00000000       0x44 src/bootloader.o
                                 0x45 (size before relaxing)
 .comment       0x00000044       0x45 ../shared/src/core/uart.o
 .comment       0x00000044       0x45 ../shared/src/core/ring-buffer.o
 .comment       0x00000044       0x45 ../libopencm3/lib\libopencm3_stm32f4.a(usart_common_f124.o)
 .comment       0x00000044       0x45 ../libopencm3/lib\libopencm3_stm32f4.a(vector.o)

.ARM.attributes
                0x00000000       0x34
 .ARM.attributes
                0x00000000       0x34 src/bootloader.o
 .ARM.attributes
                0x00000034       0x34 ../shared/src/core/uart.o
 .ARM.attributes
                0x00000068       0x34 ../shared/src/core/ring-buffer.o
 .ARM.attributes
                0x0000009c       0x34 ../libopencm3/lib\libopencm3_stm32f4.a(usart_common_f124.o)
 .ARM.attributes
                0x000000d0       0x34 ../libopencm3/lib\libopencm3_stm32f4.a(vector.o)

.debug_frame    0x00000000      0x1f4
 .debug_frame   0x00000000       0x28 src/bootloader.o
 .debug_frame   0x00000028       0xc8 ../shared/src/core/uart.o
 .debug_frame   0x000000f0       0x58 ../shared/src/core/ring-buffer.o
 .debug_frame   0x00000148       0x60 ../libopencm3/lib\libopencm3_stm32f4.a(usart_common_f124.o)
 .debug_frame   0x000001a8       0x4c ../libopencm3/lib\libopencm3_stm32f4.a(vector.o)

.debug_loclists
                0x00000000      0x337
 .debug_loclists
                0x00000000      0x13d ../shared/src/core/uart.o
 .debug_loclists
                0x0000013d       0xcb ../shared/src/core/ring-buffer.o
 .debug_loclists
                0x00000208       0x79 ../libopencm3/lib\libopencm3_stm32f4.a(usart_common_f124.o)
 .debug_loclists
                0x00000281       0xb6 ../libopencm3/lib\libopencm3_stm32f4.a(vector.o)

Cross Reference Table

Symbol                                            File
__fini_array_end                                  ../libopencm3/lib\libopencm3_stm32f4.a(vector.o)
__fini_array_start                                ../libopencm3/lib\libopencm3_stm32f4.a(vector.o)
__init_array_end                                  ../libopencm3/lib\libopencm3_stm32f4.a(vector.o)
__init_array_start                                ../libopencm3/lib\libopencm3_stm32f4.a(vector.o)
__preinit_array_end                               ../libopencm3/lib\libopencm3_stm32f4.a(vector.o)
__preinit_array_start                             ../libopencm3/lib\libopencm3_stm32f4.a(vector.o)
_data                                             ../libopencm3/lib\libopencm3_stm32f4.a(vector.o)
_data_loadaddr                                    ../libopencm3/lib\libopencm3_stm32f4.a(vector.o)
_ebss                                             ../libopencm3/lib\libopencm3_stm32f4.a(vector.o)
_edata                                            ../libopencm3/lib\libopencm3_stm32f4.a(vector.o)
_stack                                            ../libopencm3/lib\libopencm3_stm32f4.a(vector.o)
adc_isr                                           ../libopencm3/lib\libopencm3_stm32f4.a(vector.o)
blocking_handler                                  ../libopencm3/lib\libopencm3_stm32f4.a(vector.o)
bus_fault_handler                                 ../libopencm3/lib\libopencm3_stm32f4.a(vector.o)
can1_rx0_isr                                      ../libopencm3/lib\libopencm3_stm32f4.a(vector.o)
can1_rx1_isr                                      ../libopencm3/lib\libopencm3_stm32f4.a(vector.o)
can1_sce_isr                                      ../libopencm3/lib\libopencm3_stm32f4.a(vector.o)
can1_tx_isr                                       ../libopencm3/lib\libopencm3_stm32f4.a(vector.o)
can2_rx0_isr                                      ../libopencm3/lib\libopencm3_stm32f4.a(vector.o)
can2_rx1_isr                                      ../libopencm3/lib\libopencm3_stm32f4.a(vector.o)
can2_sce_isr                                      ../libopencm3/lib\libopencm3_stm32f4.a(vector.o)
can2_tx_isr                                       ../libopencm3/lib\libopencm3_stm32f4.a(vector.o)
comms_compute_crc                                 src/comms.o
comms_packets_available                           src/comms.o
comms_read                                        src/comms.o
comms_setup                                       src/comms.o
comms_update                                      src/comms.o
comms_write                                       src/comms.o
crc32                                             ../shared/src/core/crc8.o
crc8                                              ../shared/src/core/crc8.o
                                                  src/comms.o
cryp_isr                                          ../libopencm3/lib\libopencm3_stm32f4.a(vector.o)
dcmi_isr                                          ../libopencm3/lib\libopencm3_stm32f4.a(vector.o)
debug_monitor_handler                             ../libopencm3/lib\libopencm3_stm32f4.a(vector.o)
dma1_stream0_isr                                  ../libopencm3/lib\libopencm3_stm32f4.a(vector.o)
dma1_stream1_isr                                  ../libopencm3/lib\libopencm3_stm32f4.a(vector.o)
dma1_stream2_isr                                  ../libopencm3/lib\libopencm3_stm32f4.a(vector.o)
dma1_stream3_isr                                  ../libopencm3/lib\libopencm3_stm32f4.a(vector.o)
dma1_stream4_isr                                  ../libopencm3/lib\libopencm3_stm32f4.a(vector.o)
dma1_stream5_isr                                  ../libopencm3/lib\libopencm3_stm32f4.a(vector.o)
dma1_stream6_isr                                  ../libopencm3/lib\libopencm3_stm32f4.a(vector.o)
dma1_stream7_isr                                  ../libopencm3/lib\libopencm3_stm32f4.a(vector.o)
dma2_stream0_isr                                  ../libopencm3/lib\libopencm3_stm32f4.a(vector.o)
dma2_stream1_isr                                  ../libopencm3/lib\libopencm3_stm32f4.a(vector.o)
dma2_stream2_isr                                  ../libopencm3/lib\libopencm3_stm32f4.a(vector.o)
dma2_stream3_isr                                  ../libopencm3/lib\libopencm3_stm32f4.a(vector.o)
dma2_stream4_isr                                  ../libopencm3/lib\libopencm3_stm32f4.a(vector.o)
dma2_stream5_isr                                  ../libopencm3/lib\libopencm3_stm32f4.a(vector.o)
dma2_stream6_isr                                  ../libopencm3/lib\libopencm3_stm32f4.a(vector.o)
dma2_stream7_isr                                  ../libopencm3/lib\libopencm3_stm32f4.a(vector.o)
dma2d_isr                                         ../libopencm3/lib\libopencm3_stm32f4.a(vector.o)
eth_isr                                           ../libopencm3/lib\libopencm3_stm32f4.a(vector.o)
eth_wkup_isr                                      ../libopencm3/lib\libopencm3_stm32f4.a(vector.o)
exti0_isr                                         ../libopencm3/lib\libopencm3_stm32f4.a(vector.o)
exti15_10_isr                                     ../libopencm3/lib\libopencm3_stm32f4.a(vector.o)
exti1_isr                                         ../libopencm3/lib\libopencm3_stm32f4.a(vector.o)
exti2_isr                                         ../libopencm3/lib\libopencm3_stm32f4.a(vector.o)
exti3_isr                                         ../libopencm3/lib\libopencm3_stm32f4.a(vector.o)
exti4_isr                                         ../libopencm3/lib\libopencm3_stm32f4.a(vector.o)
exti9_5_isr                                       ../libopencm3/lib\libopencm3_stm32f4.a(vector.o)
flash_dcache_disable                              ../libopencm3/lib\libopencm3_stm32f4.a(flash_common_idcache.o)
                                                  ../libopencm3/lib\libopencm3_stm32f4.a(rcc.o)
flash_dcache_enable                               ../libopencm3/lib\libopencm3_stm32f4.a(flash_common_idcache.o)
                                                  ../libopencm3/lib\libopencm3_stm32f4.a(rcc.o)
flash_dcache_reset                                ../libopencm3/lib\libopencm3_stm32f4.a(flash_common_idcache.o)
flash_icache_disable                              ../libopencm3/lib\libopencm3_stm32f4.a(flash_common_idcache.o)
                                                  ../libopencm3/lib\libopencm3_stm32f4.a(rcc.o)
flash_icache_enable                               ../libopencm3/lib\libopencm3_stm32f4.a(flash_common_idcache.o)
                                                  ../libopencm3/lib\libopencm3_stm32f4.a(rcc.o)
flash_icache_reset                                ../libopencm3/lib\libopencm3_stm32f4.a(flash_common_idcache.o)
flash_isr                                         ../libopencm3/lib\libopencm3_stm32f4.a(vector.o)
flash_prefetch_disable                            ../libopencm3/lib\libopencm3_stm32f4.a(flash_common_all.o)
flash_prefetch_enable                             ../libopencm3/lib\libopencm3_stm32f4.a(flash_common_all.o)
flash_set_ws                                      ../libopencm3/lib\libopencm3_stm32f4.a(flash_common_all.o)
                                                  ../libopencm3/lib\libopencm3_stm32f4.a(rcc.o)
flash_unlock_option_bytes                         ../libopencm3/lib\libopencm3_stm32f4.a(flash_common_all.o)
fpu_isr                                           ../libopencm3/lib\libopencm3_stm32f4.a(vector.o)
fsmc_isr                                          ../libopencm3/lib\libopencm3_stm32f4.a(vector.o)
hard_fault_handler                                ../libopencm3/lib\libopencm3_stm32f4.a(vector.o)
hash_rng_isr                                      ../libopencm3/lib\libopencm3_stm32f4.a(vector.o)
i2c1_er_isr                                       ../libopencm3/lib\libopencm3_stm32f4.a(vector.o)
i2c1_ev_isr                                       ../libopencm3/lib\libopencm3_stm32f4.a(vector.o)
i2c2_er_isr                                       ../libopencm3/lib\libopencm3_stm32f4.a(vector.o)
i2c2_ev_isr                                       ../libopencm3/lib\libopencm3_stm32f4.a(vector.o)
i2c3_er_isr                                       ../libopencm3/lib\libopencm3_stm32f4.a(vector.o)
i2c3_ev_isr                                       ../libopencm3/lib\libopencm3_stm32f4.a(vector.o)
lcd_tft_err_isr                                   ../libopencm3/lib\libopencm3_stm32f4.a(vector.o)
lcd_tft_isr                                       ../libopencm3/lib\libopencm3_stm32f4.a(vector.o)
main                                              src/bootloader.o
                                                  ../libopencm3/lib\libopencm3_stm32f4.a(vector.o)
mem_manage_handler                                ../libopencm3/lib\libopencm3_stm32f4.a(vector.o)
memmove                                           C:/Program Files (x86)/Arm GNU Toolchain arm-none-eabi/13.2 Rel1/bin/../lib/gcc/arm-none-eabi/13.2.1/thumb/v7e-m+fp/hard\libc.a(libc_a-memmove.o)
                                                  src/comms.o
memset                                            C:/Program Files (x86)/Arm GNU Toolchain arm-none-eabi/13.2 Rel1/bin/../lib/gcc/arm-none-eabi/13.2.1/thumb/v7e-m+fp/hard\libc.a(libc_a-memset.o)
                                                  src/comms.o
nmi_handler                                       ../libopencm3/lib\libopencm3_stm32f4.a(vector.o)
null_handler                                      ../libopencm3/lib\libopencm3_stm32f4.a(vector.o)
nvic_clear_pending_irq                            ../libopencm3/lib\libopencm3_stm32f4.a(nvic.o)
nvic_disable_irq                                  ../libopencm3/lib\libopencm3_stm32f4.a(nvic.o)
nvic_enable_irq                                   ../libopencm3/lib\libopencm3_stm32f4.a(nvic.o)
                                                  ../shared/src/core/uart.o
nvic_generate_software_interrupt                  ../libopencm3/lib\libopencm3_stm32f4.a(nvic.o)
nvic_get_active_irq                               ../libopencm3/lib\libopencm3_stm32f4.a(nvic.o)
nvic_get_irq_enabled                              ../libopencm3/lib\libopencm3_stm32f4.a(nvic.o)
nvic_get_pending_irq                              ../libopencm3/lib\libopencm3_stm32f4.a(nvic.o)
nvic_set_pending_irq                              ../libopencm3/lib\libopencm3_stm32f4.a(nvic.o)
nvic_set_priority                                 ../libopencm3/lib\libopencm3_stm32f4.a(nvic.o)
nvic_wwdg_isr                                     ../libopencm3/lib\libopencm3_stm32f4.a(vector.o)
otg_fs_isr                                        ../libopencm3/lib\libopencm3_stm32f4.a(vector.o)
otg_hs_ep1_in_isr                                 ../libopencm3/lib\libopencm3_stm32f4.a(vector.o)
otg_hs_ep1_out_isr                                ../libopencm3/lib\libopencm3_stm32f4.a(vector.o)
otg_hs_isr                                        ../libopencm3/lib\libopencm3_stm32f4.a(vector.o)
otg_hs_wkup_isr                                   ../libopencm3/lib\libopencm3_stm32f4.a(vector.o)
pend_sv_handler                                   ../libopencm3/lib\libopencm3_stm32f4.a(vector.o)
pvd_isr                                           ../libopencm3/lib\libopencm3_stm32f4.a(vector.o)
pwr_set_vos_scale                                 ../libopencm3/lib\libopencm3_stm32f4.a(pwr.o)
                                                  ../libopencm3/lib\libopencm3_stm32f4.a(rcc.o)
rcc_ahb_frequency                                 ../libopencm3/lib\libopencm3_stm32f4.a(rcc.o)
rcc_apb1_frequency                                ../libopencm3/lib\libopencm3_stm32f4.a(rcc.o)
rcc_apb2_frequency                                ../libopencm3/lib\libopencm3_stm32f4.a(rcc.o)
rcc_clock_setup_hse_3v3                           ../libopencm3/lib\libopencm3_stm32f4.a(rcc.o)
rcc_clock_setup_pll                               ../libopencm3/lib\libopencm3_stm32f4.a(rcc.o)
rcc_css_disable                                   ../libopencm3/lib\libopencm3_stm32f4.a(rcc.o)
rcc_css_enable                                    ../libopencm3/lib\libopencm3_stm32f4.a(rcc.o)
rcc_css_int_clear                                 ../libopencm3/lib\libopencm3_stm32f4.a(rcc.o)
rcc_css_int_flag                                  ../libopencm3/lib\libopencm3_stm32f4.a(rcc.o)
rcc_get_div_from_hpre                             ../libopencm3/lib\libopencm3_stm32f4.a(rcc_common_all.o)
rcc_get_i2c_clk_freq                              ../libopencm3/lib\libopencm3_stm32f4.a(rcc.o)
rcc_get_spi_clk_freq                              ../libopencm3/lib\libopencm3_stm32f4.a(rcc.o)
rcc_get_timer_clk_freq                            ../libopencm3/lib\libopencm3_stm32f4.a(rcc.o)
rcc_get_usart_clk_freq                            ../libopencm3/lib\libopencm3_stm32f4.a(rcc.o)
                                                  ../libopencm3/lib\libopencm3_stm32f4.a(usart_common_all.o)
rcc_hse_12mhz_3v3                                 ../libopencm3/lib\libopencm3_stm32f4.a(rcc.o)
rcc_hse_16mhz_3v3                                 ../libopencm3/lib\libopencm3_stm32f4.a(rcc.o)
rcc_hse_25mhz_3v3                                 ../libopencm3/lib\libopencm3_stm32f4.a(rcc.o)
rcc_hse_8mhz_3v3                                  ../libopencm3/lib\libopencm3_stm32f4.a(rcc.o)
rcc_hsi_configs                                   ../libopencm3/lib\libopencm3_stm32f4.a(rcc.o)
rcc_is_osc_ready                                  ../libopencm3/lib\libopencm3_stm32f4.a(rcc.o)
rcc_isr                                           ../libopencm3/lib\libopencm3_stm32f4.a(vector.o)
rcc_osc_bypass_disable                            ../libopencm3/lib\libopencm3_stm32f4.a(rcc_common_all.o)
rcc_osc_bypass_enable                             ../libopencm3/lib\libopencm3_stm32f4.a(rcc_common_all.o)
rcc_osc_off                                       ../libopencm3/lib\libopencm3_stm32f4.a(rcc.o)
rcc_osc_on                                        ../libopencm3/lib\libopencm3_stm32f4.a(rcc.o)
rcc_osc_ready_int_clear                           ../libopencm3/lib\libopencm3_stm32f4.a(rcc.o)
rcc_osc_ready_int_disable                         ../libopencm3/lib\libopencm3_stm32f4.a(rcc.o)
rcc_osc_ready_int_enable                          ../libopencm3/lib\libopencm3_stm32f4.a(rcc.o)
rcc_osc_ready_int_flag                            ../libopencm3/lib\libopencm3_stm32f4.a(rcc.o)
rcc_periph_clock_disable                          ../libopencm3/lib\libopencm3_stm32f4.a(rcc_common_all.o)
rcc_periph_clock_enable                           ../libopencm3/lib\libopencm3_stm32f4.a(rcc_common_all.o)
                                                  ../libopencm3/lib\libopencm3_stm32f4.a(rcc.o)
                                                  ../shared/src/core/uart.o
rcc_periph_reset_hold                             ../libopencm3/lib\libopencm3_stm32f4.a(rcc_common_all.o)
rcc_periph_reset_pulse                            ../libopencm3/lib\libopencm3_stm32f4.a(rcc_common_all.o)
rcc_periph_reset_release                          ../libopencm3/lib\libopencm3_stm32f4.a(rcc_common_all.o)
rcc_peripheral_clear_reset                        ../libopencm3/lib\libopencm3_stm32f4.a(rcc_common_all.o)
rcc_peripheral_disable_clock                      ../libopencm3/lib\libopencm3_stm32f4.a(rcc_common_all.o)
rcc_peripheral_enable_clock                       ../libopencm3/lib\libopencm3_stm32f4.a(rcc_common_all.o)
rcc_peripheral_reset                              ../libopencm3/lib\libopencm3_stm32f4.a(rcc_common_all.o)
rcc_plli2s_config                                 ../libopencm3/lib\libopencm3_stm32f4.a(rcc.o)
rcc_pllsai_config                                 ../libopencm3/lib\libopencm3_stm32f4.a(rcc.o)
rcc_pllsai_postscalers                            ../libopencm3/lib\libopencm3_stm32f4.a(rcc.o)
rcc_set_hpre                                      ../libopencm3/lib\libopencm3_stm32f4.a(rcc.o)
rcc_set_main_pll_hse                              ../libopencm3/lib\libopencm3_stm32f4.a(rcc.o)
rcc_set_main_pll_hsi                              ../libopencm3/lib\libopencm3_stm32f4.a(rcc.o)
rcc_set_mco                                       ../libopencm3/lib\libopencm3_stm32f4.a(rcc_common_all.o)
rcc_set_pll_source                                ../libopencm3/lib\libopencm3_stm32f4.a(rcc.o)
rcc_set_ppre1                                     ../libopencm3/lib\libopencm3_stm32f4.a(rcc.o)
rcc_set_ppre2                                     ../libopencm3/lib\libopencm3_stm32f4.a(rcc.o)
rcc_set_rtcpre                                    ../libopencm3/lib\libopencm3_stm32f4.a(rcc.o)
rcc_set_sysclk_source                             ../libopencm3/lib\libopencm3_stm32f4.a(rcc.o)
rcc_system_clock_source                           ../libopencm3/lib\libopencm3_stm32f4.a(rcc.o)
rcc_wait_for_osc_ready                            ../libopencm3/lib\libopencm3_stm32f4.a(rcc.o)
rcc_wait_for_sysclk_status                        ../libopencm3/lib\libopencm3_stm32f4.a(rcc.o)
reset_handler                                     ../libopencm3/lib\libopencm3_stm32f4.a(vector.o)
ring_buffer_empty                                 ../shared/src/core/ring-buffer.o
                                                  ../shared/src/core/uart.o
ring_buffer_read                                  ../shared/src/core/ring-buffer.o
                                                  ../shared/src/core/uart.o
ring_buffer_setup                                 ../shared/src/core/ring-buffer.o
                                                  ../shared/src/core/uart.o
ring_buffer_write                                 ../shared/src/core/ring-buffer.o
                                                  ../shared/src/core/uart.o
rtc_alarm_isr                                     ../libopencm3/lib\libopencm3_stm32f4.a(vector.o)
rtc_wkup_isr                                      ../libopencm3/lib\libopencm3_stm32f4.a(vector.o)
sai1_isr                                          ../libopencm3/lib\libopencm3_stm32f4.a(vector.o)
sdio_isr                                          ../libopencm3/lib\libopencm3_stm32f4.a(vector.o)
spi1_isr                                          ../libopencm3/lib\libopencm3_stm32f4.a(vector.o)
spi2_isr                                          ../libopencm3/lib\libopencm3_stm32f4.a(vector.o)
spi3_isr                                          ../libopencm3/lib\libopencm3_stm32f4.a(vector.o)
spi4_isr                                          ../libopencm3/lib\libopencm3_stm32f4.a(vector.o)
spi5_isr                                          ../libopencm3/lib\libopencm3_stm32f4.a(vector.o)
spi6_isr                                          ../libopencm3/lib\libopencm3_stm32f4.a(vector.o)
sv_call_handler                                   ../libopencm3/lib\libopencm3_stm32f4.a(vector.o)
sys_tick_handler                                  ../libopencm3/lib\libopencm3_stm32f4.a(vector.o)
tamp_stamp_isr                                    ../libopencm3/lib\libopencm3_stm32f4.a(vector.o)
tim1_brk_tim9_isr                                 ../libopencm3/lib\libopencm3_stm32f4.a(vector.o)
tim1_cc_isr                                       ../libopencm3/lib\libopencm3_stm32f4.a(vector.o)
tim1_trg_com_tim11_isr                            ../libopencm3/lib\libopencm3_stm32f4.a(vector.o)
tim1_up_tim10_isr                                 ../libopencm3/lib\libopencm3_stm32f4.a(vector.o)
tim2_isr                                          ../libopencm3/lib\libopencm3_stm32f4.a(vector.o)
tim3_isr                                          ../libopencm3/lib\libopencm3_stm32f4.a(vector.o)
tim4_isr                                          ../libopencm3/lib\libopencm3_stm32f4.a(vector.o)
tim5_isr                                          ../libopencm3/lib\libopencm3_stm32f4.a(vector.o)
tim6_dac_isr                                      ../libopencm3/lib\libopencm3_stm32f4.a(vector.o)
tim7_isr                                          ../libopencm3/lib\libopencm3_stm32f4.a(vector.o)
tim8_brk_tim12_isr                                ../libopencm3/lib\libopencm3_stm32f4.a(vector.o)
tim8_cc_isr                                       ../libopencm3/lib\libopencm3_stm32f4.a(vector.o)
tim8_trg_com_tim14_isr                            ../libopencm3/lib\libopencm3_stm32f4.a(vector.o)
tim8_up_tim13_isr                                 ../libopencm3/lib\libopencm3_stm32f4.a(vector.o)
uart4_isr                                         ../libopencm3/lib\libopencm3_stm32f4.a(vector.o)
uart5_isr                                         ../libopencm3/lib\libopencm3_stm32f4.a(vector.o)
uart7_isr                                         ../libopencm3/lib\libopencm3_stm32f4.a(vector.o)
uart8_isr                                         ../libopencm3/lib\libopencm3_stm32f4.a(vector.o)
uart_data_available                               ../shared/src/core/uart.o
                                                  src/comms.o
uart_read                                         ../shared/src/core/uart.o
uart_read_byte                                    ../shared/src/core/uart.o
                                                  src/comms.o
uart_setup                                        ../shared/src/core/uart.o
uart_write                                        ../shared/src/core/uart.o
                                                  src/comms.o
uart_write_byte                                   ../shared/src/core/uart.o
usage_fault_handler                               ../libopencm3/lib\libopencm3_stm32f4.a(vector.o)
usart1_isr                                        ../libopencm3/lib\libopencm3_stm32f4.a(vector.o)
usart2_isr                                        ../shared/src/core/uart.o
usart3_isr                                        ../libopencm3/lib\libopencm3_stm32f4.a(vector.o)
usart6_isr                                        ../libopencm3/lib\libopencm3_stm32f4.a(vector.o)
usart_disable                                     ../libopencm3/lib\libopencm3_stm32f4.a(usart_common_all.o)
usart_disable_error_interrupt                     ../libopencm3/lib\libopencm3_stm32f4.a(usart_common_all.o)
usart_disable_idle_interrupt                      ../libopencm3/lib\libopencm3_stm32f4.a(usart_common_all.o)
usart_disable_rx_dma                              ../libopencm3/lib\libopencm3_stm32f4.a(usart_common_all.o)
usart_disable_rx_interrupt                        ../libopencm3/lib\libopencm3_stm32f4.a(usart_common_all.o)
usart_disable_tx_complete_interrupt               ../libopencm3/lib\libopencm3_stm32f4.a(usart_common_all.o)
usart_disable_tx_dma                              ../libopencm3/lib\libopencm3_stm32f4.a(usart_common_all.o)
usart_disable_tx_interrupt                        ../libopencm3/lib\libopencm3_stm32f4.a(usart_common_all.o)
usart_enable                                      ../libopencm3/lib\libopencm3_stm32f4.a(usart_common_all.o)
                                                  ../shared/src/core/uart.o
usart_enable_error_interrupt                      ../libopencm3/lib\libopencm3_stm32f4.a(usart_common_all.o)
usart_enable_idle_interrupt                       ../libopencm3/lib\libopencm3_stm32f4.a(usart_common_all.o)
usart_enable_rx_dma                               ../libopencm3/lib\libopencm3_stm32f4.a(usart_common_all.o)
usart_enable_rx_interrupt                         ../libopencm3/lib\libopencm3_stm32f4.a(usart_common_all.o)
                                                  ../shared/src/core/uart.o
usart_enable_tx_complete_interrupt                ../libopencm3/lib\libopencm3_stm32f4.a(usart_common_all.o)
usart_enable_tx_dma                               ../libopencm3/lib\libopencm3_stm32f4.a(usart_common_all.o)
usart_enable_tx_interrupt                         ../libopencm3/lib\libopencm3_stm32f4.a(usart_common_all.o)
usart_get_flag                                    ../libopencm3/lib\libopencm3_stm32f4.a(usart_common_f124.o)
                                                  ../shared/src/core/uart.o
usart_recv                                        ../libopencm3/lib\libopencm3_stm32f4.a(usart_common_f124.o)
                                                  ../libopencm3/lib\libopencm3_stm32f4.a(usart_common_all.o)
                                                  ../shared/src/core/uart.o
usart_recv_blocking                               ../libopencm3/lib\libopencm3_stm32f4.a(usart_common_all.o)
usart_send                                        ../libopencm3/lib\libopencm3_stm32f4.a(usart_common_f124.o)
                                                  ../libopencm3/lib\libopencm3_stm32f4.a(usart_common_all.o)
usart_send_blocking                               ../libopencm3/lib\libopencm3_stm32f4.a(usart_common_all.o)
                                                  ../shared/src/core/uart.o
usart_set_baudrate                                ../libopencm3/lib\libopencm3_stm32f4.a(usart_common_all.o)
                                                  ../shared/src/core/uart.o
usart_set_databits                                ../libopencm3/lib\libopencm3_stm32f4.a(usart_common_all.o)
                                                  ../shared/src/core/uart.o
usart_set_flow_control                            ../libopencm3/lib\libopencm3_stm32f4.a(usart_common_all.o)
                                                  ../shared/src/core/uart.o
usart_set_mode                                    ../libopencm3/lib\libopencm3_stm32f4.a(usart_common_all.o)
                                                  ../shared/src/core/uart.o
usart_set_parity                                  ../libopencm3/lib\libopencm3_stm32f4.a(usart_common_all.o)
                                                  ../shared/src/core/uart.o
usart_set_stopbits                                ../libopencm3/lib\libopencm3_stm32f4.a(usart_common_all.o)
                                                  ../shared/src/core/uart.o
usart_wait_recv_ready                             ../libopencm3/lib\libopencm3_stm32f4.a(usart_common_f124.o)
                                                  ../libopencm3/lib\libopencm3_stm32f4.a(usart_common_all.o)
usart_wait_send_ready                             ../libopencm3/lib\libopencm3_stm32f4.a(usart_common_f124.o)
                                                  ../libopencm3/lib\libopencm3_stm32f4.a(usart_common_all.o)
usb_fs_wkup_isr                                   ../libopencm3/lib\libopencm3_stm32f4.a(vector.o)
vector_table                                      ../libopencm3/lib\libopencm3_stm32f4.a(vector.o)
